[D:/Мои Web Сайты/магистраль/backblue.gif]
[D:/Мои Web Сайты/магистраль/fade.gif]
[D:/Мои Web Сайты/магистраль/index.html]
[D:/Мои Web Сайты/магистраль/lishenieprav.su/POST]
[D:/Мои Web Сайты/магистраль/lishenieprav.su/favicon76d2.ico]
[D:/Мои Web Сайты/магистраль/lishenieprav.su/css/base.min3d01.css]
[D:/Мои Web Сайты/магистраль/lishenieprav.su/sitecss/srcset9a13.css]
[D:/Мои Web Сайты/магистраль/lishenieprav.su/index_2_2_2.html]
[D:/Мои Web Сайты/магистраль/lishenieprav.su/templates/ckm_autolaw_new/css/main-tablet.css]
[D:/Мои Web Сайты/магистраль/lishenieprav.su/templates/ckm_autolaw_new/css/main-phone.css]
[D:/Мои Web Сайты/магистраль/lishenieprav.su/templates/ckm_autolaw_new/css/main-desktop.css]
[D:/Мои Web Сайты/магистраль/lishenieprav.su/index_2_2_2_2_2.html]
[D:/Мои Web Сайты/магистраль/lishenieprav.su/index_2_2_2_2_2_2.html]
[D:/Мои Web Сайты/магистраль/lishenieprav.su/index_2_2_2_2_2_2_2.html]
[D:/Мои Web Сайты/магистраль/lishenieprav.su/uploads/s/2/i/u/2iu9osali7qb/file/Инструкция.docx]
[D:/Мои Web Сайты/магистраль/lishenieprav.su/__scale/templates/ckm_autolaw_new/img/full_GCJrzLRt74e6.jpg]
[D:/Мои Web Сайты/магистраль/lishenieprav.su/__scale/templates/ckm_autolaw_new/img/full_GCJrzLRt1f17.jpg]
[D:/Мои Web Сайты/магистраль/lishenieprav.su/__scale/uploads/s/2/i/u/2iu9osali7qb/img/full_yyGqN07k74e6.jpg]
[D:/Мои Web Сайты/магистраль/lishenieprav.su/__scale/uploads/s/2/i/u/2iu9osali7qb/img/full_yyGqN07k1f17.jpg]
[D:/Мои Web Сайты/магистраль/lishenieprav.su/__scale/templates/ckm_autolaw_new/img/full_nJSjLQT174e6.jpg]
[D:/Мои Web Сайты/магистраль/lishenieprav.su/__scale/templates/ckm_autolaw_new/img/full_nJSjLQT11f17.jpg]
[D:/Мои Web Сайты/магистраль/lishenieprav.su/__scale/uploads/s/2/i/u/2iu9osali7qb/img/full_VbXCUS0vb070.jpg]
[D:/Мои Web Сайты/магистраль/lishenieprav.su/__scale/uploads/s/2/i/u/2iu9osali7qb/img/full_VbXCUS0vd8c3.jpg]
[D:/Мои Web Сайты/магистраль/lishenieprav.su/__scale/uploads/s/2/i/u/2iu9osali7qb/img/full_VbXCUS0va6b9.jpg]
[D:/Мои Web Сайты/магистраль/lishenieprav.su/__scale/uploads/s/2/i/u/2iu9osali7qb/img/full_VbXCUS0v9985.jpg]
[D:/Мои Web Сайты/магистраль/lishenieprav.su/__scale/uploads/s/2/i/u/2iu9osali7qb/img/full_VbXCUS0v74e6.jpg]
[D:/Мои Web Сайты/магистраль/lishenieprav.su/__scale/uploads/s/2/i/u/2iu9osali7qb/img/full_VbXCUS0v1f17.jpg]
[D:/Мои Web Сайты/магистраль/lishenieprav.su/__scale/uploads/s/2/i/u/2iu9osali7qb/img/full_s3Gj0yf6b070.jpg]
[D:/Мои Web Сайты/магистраль/lishenieprav.su/__scale/uploads/s/2/i/u/2iu9osali7qb/img/full_s3Gj0yf6d8c3.jpg]
[D:/Мои Web Сайты/магистраль/lishenieprav.su/__scale/uploads/s/2/i/u/2iu9osali7qb/img/full_s3Gj0yf6427b.jpg]
[D:/Мои Web Сайты/магистраль/lishenieprav.su/__scale/uploads/s/2/i/u/2iu9osali7qb/img/full_s3Gj0yf61f24.jpg]
[D:/Мои Web Сайты/магистраль/lishenieprav.su/__scale/uploads/s/2/i/u/2iu9osali7qb/img/full_s3Gj0yf674e6.jpg]
[D:/Мои Web Сайты/магистраль/lishenieprav.su/__scale/uploads/s/2/i/u/2iu9osali7qb/img/full_s3Gj0yf61f17.jpg]
[D:/Мои Web Сайты/магистраль/lishenieprav.su/__scale/uploads/s/2/i/u/2iu9osali7qb/img/full_44ILAvK1b070.jpg]
[D:/Мои Web Сайты/магистраль/lishenieprav.su/__scale/uploads/s/2/i/u/2iu9osali7qb/img/full_44ILAvK1d8c3.jpg]
[D:/Мои Web Сайты/магистраль/lishenieprav.su/__scale/uploads/s/2/i/u/2iu9osali7qb/img/full_44ILAvK1427b.jpg]
[D:/Мои Web Сайты/магистраль/lishenieprav.su/__scale/uploads/s/2/i/u/2iu9osali7qb/img/full_44ILAvK11f24.jpg]
[D:/Мои Web Сайты/магистраль/lishenieprav.su/__scale/uploads/s/2/i/u/2iu9osali7qb/img/full_44ILAvK174e6.jpg]
[D:/Мои Web Сайты/магистраль/lishenieprav.su/__scale/uploads/s/2/i/u/2iu9osali7qb/img/full_44ILAvK11f17.jpg]
[D:/Мои Web Сайты/магистраль/lishenieprav.su/__scale/uploads/s/2/i/u/2iu9osali7qb/img/full_sY19ZywQb070.jpg]
[D:/Мои Web Сайты/магистраль/lishenieprav.su/__scale/uploads/s/2/i/u/2iu9osali7qb/img/full_sY19ZywQd8c3.jpg]
[D:/Мои Web Сайты/магистраль/lishenieprav.su/__scale/uploads/s/2/i/u/2iu9osali7qb/img/full_sY19ZywQ1a89.jpg]
[D:/Мои Web Сайты/магистраль/lishenieprav.su/__scale/uploads/s/2/i/u/2iu9osali7qb/img/full_sY19ZywQ91ac.jpg]
[D:/Мои Web Сайты/магистраль/lishenieprav.su/__scale/uploads/s/2/i/u/2iu9osali7qb/img/full_sY19ZywQ74e6.jpg]
[D:/Мои Web Сайты/магистраль/lishenieprav.su/__scale/uploads/s/2/i/u/2iu9osali7qb/img/full_sY19ZywQ1f17.jpg]
[D:/Мои Web Сайты/магистраль/lishenieprav.su/__scale/uploads/s/2/i/u/2iu9osali7qb/img/full_CwxHnzJDb070.jpeg]
[D:/Мои Web Сайты/магистраль/lishenieprav.su/__scale/uploads/s/2/i/u/2iu9osali7qb/img/full_CwxHnzJDd8c3.jpg]
[D:/Мои Web Сайты/магистраль/lishenieprav.su/__scale/uploads/s/2/i/u/2iu9osali7qb/img/full_CwxHnzJD74e6.jpeg]
[D:/Мои Web Сайты/магистраль/lishenieprav.su/__scale/uploads/s/2/i/u/2iu9osali7qb/img/full_CwxHnzJD1f17.jpg]
[D:/Мои Web Сайты/магистраль/lishenieprav.su/__scale/uploads/s/2/i/u/2iu9osali7qb/img/full_A6BHvnIGb070.jpg]
[D:/Мои Web Сайты/магистраль/lishenieprav.su/__scale/uploads/s/2/i/u/2iu9osali7qb/img/full_A6BHvnIGd8c3.jpg]
[D:/Мои Web Сайты/магистраль/lishenieprav.su/__scale/uploads/s/2/i/u/2iu9osali7qb/img/full_A6BHvnIG20f9.jpg]
[D:/Мои Web Сайты/магистраль/lishenieprav.su/__scale/uploads/s/2/i/u/2iu9osali7qb/img/full_A6BHvnIG028e.jpg]
[D:/Мои Web Сайты/магистраль/lishenieprav.su/__scale/uploads/s/2/i/u/2iu9osali7qb/img/full_A6BHvnIG74e6.jpg]
[D:/Мои Web Сайты/магистраль/lishenieprav.su/__scale/uploads/s/2/i/u/2iu9osali7qb/img/full_A6BHvnIG1f17.jpg]
[D:/Мои Web Сайты/магистраль/lishenieprav.su/__scale/uploads/s/2/i/u/2iu9osali7qb/img/full_Uvkg9Vaxb070.jpg]
[D:/Мои Web Сайты/магистраль/lishenieprav.su/__scale/uploads/s/2/i/u/2iu9osali7qb/img/full_Uvkg9Vaxd8c3.jpg]
[D:/Мои Web Сайты/магистраль/lishenieprav.su/__scale/uploads/s/2/i/u/2iu9osali7qb/img/full_Uvkg9Vax2c71.jpg]
[D:/Мои Web Сайты/магистраль/lishenieprav.su/__scale/uploads/s/2/i/u/2iu9osali7qb/img/full_Uvkg9Vax6074.jpg]
[D:/Мои Web Сайты/магистраль/lishenieprav.su/__scale/uploads/s/2/i/u/2iu9osali7qb/img/full_Uvkg9Vax74e6.jpg]
[D:/Мои Web Сайты/магистраль/lishenieprav.su/__scale/uploads/s/2/i/u/2iu9osali7qb/img/full_Uvkg9Vax1f17.jpg]
[D:/Мои Web Сайты/магистраль/lishenieprav.su/__scale/uploads/s/2/i/u/2iu9osali7qb/img/full_1lzs1l9Eb070.jpg]
[D:/Мои Web Сайты/магистраль/lishenieprav.su/__scale/uploads/s/2/i/u/2iu9osali7qb/img/full_1lzs1l9Ed8c3.jpg]
[D:/Мои Web Сайты/магистраль/lishenieprav.su/__scale/uploads/s/2/i/u/2iu9osali7qb/img/full_1lzs1l9E7ceb.jpg]
[D:/Мои Web Сайты/магистраль/lishenieprav.su/__scale/uploads/s/2/i/u/2iu9osali7qb/img/full_1lzs1l9E8b30.jpg]
[D:/Мои Web Сайты/магистраль/lishenieprav.su/__scale/uploads/s/2/i/u/2iu9osali7qb/img/full_1lzs1l9E74e6.jpg]
[D:/Мои Web Сайты/магистраль/lishenieprav.su/__scale/uploads/s/2/i/u/2iu9osali7qb/img/full_1lzs1l9E1f17.jpg]
[D:/Мои Web Сайты/магистраль/lishenieprav.su/__scale/uploads/s/2/i/u/2iu9osali7qb/img/full_K9UNiAmK74e6.jpg]
[D:/Мои Web Сайты/магистраль/lishenieprav.su/__scale/uploads/s/2/i/u/2iu9osali7qb/img/full_K9UNiAmK1f17.jpg]
[D:/Мои Web Сайты/магистраль/lishenieprav.su/__scale/uploads/s/2/i/u/2iu9osali7qb/img/full_Nwn6tQZQ74e6.jpg]
[D:/Мои Web Сайты/магистраль/lishenieprav.su/__scale/uploads/s/2/i/u/2iu9osali7qb/img/full_Nwn6tQZQ1f17.jpg]
[D:/Мои Web Сайты/магистраль/lishenieprav.su/__scale/uploads/s/2/i/u/2iu9osali7qb/img/full_N1OUHBiub070.jpg]
[D:/Мои Web Сайты/магистраль/lishenieprav.su/__scale/uploads/s/2/i/u/2iu9osali7qb/img/full_N1OUHBiud8c3.jpg]
[D:/Мои Web Сайты/магистраль/lishenieprav.su/__scale/uploads/s/2/i/u/2iu9osali7qb/img/full_N1OUHBiu7b10.jpg]
[D:/Мои Web Сайты/магистраль/lishenieprav.su/__scale/uploads/s/2/i/u/2iu9osali7qb/img/full_N1OUHBiuabfc.jpg]
[D:/Мои Web Сайты/магистраль/lishenieprav.su/__scale/uploads/s/2/i/u/2iu9osali7qb/img/full_N1OUHBiu74e6.jpg]
[D:/Мои Web Сайты/магистраль/lishenieprav.su/__scale/uploads/s/2/i/u/2iu9osali7qb/img/full_N1OUHBiu1f17.jpg]
[D:/Мои Web Сайты/магистраль/lishenieprav.su/__scale/uploads/s/2/i/u/2iu9osali7qb/img/full_dtRLG1X8b070.jpg]
[D:/Мои Web Сайты/магистраль/lishenieprav.su/__scale/uploads/s/2/i/u/2iu9osali7qb/img/full_dtRLG1X8d8c3.jpg]
[D:/Мои Web Сайты/магистраль/lishenieprav.su/__scale/uploads/s/2/i/u/2iu9osali7qb/img/full_dtRLG1X874e6.jpg]
[D:/Мои Web Сайты/магистраль/lishenieprav.su/__scale/uploads/s/2/i/u/2iu9osali7qb/img/full_dtRLG1X81f17.jpg]
[D:/Мои Web Сайты/магистраль/lishenieprav.su/__scale/uploads/s/2/i/u/2iu9osali7qb/img/full_q8KtsQHO74e6.jpg]
[D:/Мои Web Сайты/магистраль/lishenieprav.su/__scale/uploads/s/2/i/u/2iu9osali7qb/img/full_q8KtsQHO1f17.jpg]
[D:/Мои Web Сайты/магистраль/lishenieprav.su/uploads/s/2/i/u/2iu9osali7qb/img/full_VDzGWZTv.png]
[D:/Мои Web Сайты/магистраль/lishenieprav.su/uploads/s/2/i/u/2iu9osali7qb/img/full_Q1GQ2p0K.jpg]
[D:/Мои Web Сайты/магистраль/lishenieprav.su/uploads/s/2/i/u/2iu9osali7qb/img/full_iFFj6v5s.jpg]
[D:/Мои Web Сайты/магистраль/lishenieprav.su/uploads/s/2/i/u/2iu9osali7qb/img/full_aHjCarYy.jpg]
[D:/Мои Web Сайты/магистраль/lishenieprav.su/uploads/s/2/i/u/2iu9osali7qb/img/full_NYlZMC5h.jpg]
[D:/Мои Web Сайты/магистраль/lishenieprav.su/uploads/s/2/i/u/2iu9osali7qb/img/full_WBD8IIZ4.jpg]
[D:/Мои Web Сайты/магистраль/lishenieprav.su/uploads/s/2/i/u/2iu9osali7qb/img/full_qDVUQwHB.jpg]
[D:/Мои Web Сайты/магистраль/lishenieprav.su/uploads/s/2/i/u/2iu9osali7qb/img/full_CEaMhEPe.jpg]
[D:/Мои Web Сайты/магистраль/lishenieprav.su/uploads/s/2/i/u/2iu9osali7qb/img/full_t24MyoqN.jpg]
[D:/Мои Web Сайты/магистраль/lishenieprav.su/uploads/s/2/i/u/2iu9osali7qb/img/full_O7Vyka3j.jpg]
[D:/Мои Web Сайты/магистраль/lishenieprav.su/uploads/s/2/i/u/2iu9osali7qb/img/full_zrBymbHA.jpg]
[D:/Мои Web Сайты/магистраль/lishenieprav.su/uploads/s/2/i/u/2iu9osali7qb/img/full_hzbs4oYJ.jpg]
[D:/Мои Web Сайты/магистраль/lishenieprav.su/uploads/s/2/i/u/2iu9osali7qb/img/full_5qcJJRLX.jpg]
[D:/Мои Web Сайты/магистраль/lishenieprav.su/__scale/uploads/s/2/i/u/2iu9osali7qb/img/full_pcV9mieB3929.jpg]
[D:/Мои Web Сайты/магистраль/lishenieprav.su/uploads/s/2/i/u/2iu9osali7qb/img/full_pcV9mieB.jpg]
[D:/Мои Web Сайты/магистраль/lishenieprav.su/__scale/uploads/s/2/i/u/2iu9osali7qb/img/full_zMutwjLr3929.jpg]
[D:/Мои Web Сайты/магистраль/lishenieprav.su/uploads/s/2/i/u/2iu9osali7qb/img/full_zMutwjLr.jpg]
[D:/Мои Web Сайты/магистраль/lishenieprav.su/__scale/uploads/s/2/i/u/2iu9osali7qb/img/full_06OQJXcz3929.jpg]
[D:/Мои Web Сайты/магистраль/lishenieprav.su/uploads/s/2/i/u/2iu9osali7qb/img/full_06OQJXcz.jpg]
[D:/Мои Web Сайты/магистраль/lishenieprav.su/__scale/uploads/s/2/i/u/2iu9osali7qb/img/0haMSKYn64df.jpg]
[D:/Мои Web Сайты/магистраль/lishenieprav.su/__scale/uploads/s/2/i/u/2iu9osali7qb/img/0haMSKYn583d.jpg]
[D:/Мои Web Сайты/магистраль/lishenieprav.su/__scale/uploads/s/2/i/u/2iu9osali7qb/img/Sp6i6171e3e4.jpg]
[D:/Мои Web Сайты/магистраль/lishenieprav.su/__scale/uploads/s/2/i/u/2iu9osali7qb/img/Sp6i6171c81e.jpg]
[D:/Мои Web Сайты/магистраль/lishenieprav.su/__scale/uploads/s/2/i/u/2iu9osali7qb/img/6Trw7jca4c56.jpg]
[D:/Мои Web Сайты/магистраль/lishenieprav.su/__scale/uploads/s/2/i/u/2iu9osali7qb/img/6Trw7jca86b0.jpg]
[D:/Мои Web Сайты/магистраль/lishenieprav.su/__scale/uploads/s/2/i/u/2iu9osali7qb/img/3lilRHLje3e4.jpg]
[D:/Мои Web Сайты/магистраль/lishenieprav.su/__scale/uploads/s/2/i/u/2iu9osali7qb/img/3lilRHLjc81e.jpg]
[D:/Мои Web Сайты/магистраль/lishenieprav.su/__scale/uploads/s/2/i/u/2iu9osali7qb/img/autocrop/0a041fa05f6451102b7ac9bd5711047a0e78.jpg]
[D:/Мои Web Сайты/магистраль/lishenieprav.su/__scale/uploads/s/2/i/u/2iu9osali7qb/img/autocrop/0a041fa05f6451102b7ac9bd5711047abd35.jpg]
[D:/Мои Web Сайты/магистраль/lishenieprav.su/__scale/uploads/s/2/i/u/2iu9osali7qb/img/autocrop/0a041fa05f6451102b7ac9bd5711047a7ad4.jpg]
[D:/Мои Web Сайты/магистраль/lishenieprav.su/__scale/uploads/s/2/i/u/2iu9osali7qb/img/autocrop/0a041fa05f6451102b7ac9bd5711047a2ca3.jpg]
[D:/Мои Web Сайты/магистраль/lishenieprav.su/__scale/uploads/s/2/i/u/2iu9osali7qb/img/autocrop/0a041fa05f6451102b7ac9bd5711047a74e6.jpg]
[D:/Мои Web Сайты/магистраль/lishenieprav.su/__scale/uploads/s/2/i/u/2iu9osali7qb/img/autocrop/0a041fa05f6451102b7ac9bd5711047a1f17.jpg]
[D:/Мои Web Сайты/магистраль/lishenieprav.su/js/ulib/block-100vh.js]
[D:/Мои Web Сайты/магистраль/lishenieprav.su/js/lib/requirejs.min.js]
[D:/Мои Web Сайты/магистраль/lishenieprav.su/js/requireConf.js]
[D:/Мои Web Сайты/магистраль/lishenieprav.su/widgets/mainmenu/js/preView.js]
[D:/Мои Web Сайты/магистраль/lishenieprav.su/js/ulib/parallax.js]
[D:/Мои Web Сайты/магистраль/lishenieprav.su/js/ulib/common3d01.js]
[D:/Мои Web Сайты/магистраль/lishenieprav.su/js/ulib/upbutton.js]
[D:/Мои Web Сайты/магистраль/lishenieprav.su/dist-version/css/pub.v13d01.css]
[D:/Мои Web Сайты/магистраль/lishenieprav.su/css/require/scroll-animation.css]
[D:/Мои Web Сайты/магистраль/lishenieprav.su/js/ulib/scroll-animation.js]
[D:/Мои Web Сайты/магистраль/lishenieprav.su/js/ulib/backgroundBlockMap.js]
[D:/Мои Web Сайты/магистраль/lishenieprav.su/index.html]
[D:/Мои Web Сайты/магистраль/lishenieprav.su/POST.html]
[D:/Мои Web Сайты/магистраль/lishenieprav.su/js/lib/modernizr-webp.js]
[D:/Мои Web Сайты/магистраль/lishenieprav.su/css/base.min3d01.css]
[D:/Мои Web Сайты/магистраль/lishenieprav.su/sitecss/srcset9a13.css]
[D:/Мои Web Сайты/магистраль/lishenieprav.su/js/lib/cssrelpreload.js]
[D:/Мои Web Сайты/магистраль/lishenieprav.su/templates/ckm_autolaw_new/css/main-phone.css]
[D:/Мои Web Сайты/магистраль/lishenieprav.su/templates/ckm_autolaw_new/css/main-tablet.css]
[D:/Мои Web Сайты/магистраль/lishenieprav.su/templates/ckm_autolaw_new/css/main-desktop.css]
[D:/Мои Web Сайты/магистраль/lishenieprav.su/favicon658d.ico]
[D:/Мои Web Сайты/магистраль/lishenieprav.su/uploads/s/2/i/u/2iu9osali7qb/img/full_Ra63BFbV.jpg]
[D:/Мои Web Сайты/магистраль/lishenieprav.su/index_2_2_2.html]
[D:/Мои Web Сайты/магистраль/lishenieprav.su/favicon74d4.ico]
[D:/Мои Web Сайты/магистраль/lishenieprav.su/index_2_2_2_2_2.html]
[D:/Мои Web Сайты/магистраль/lishenieprav.su/faviconcd51.ico]
[D:/Мои Web Сайты/магистраль/lishenieprav.su/__scale/uploads/s/2/i/u/2iu9osali7qb/img/full_Rr58HlMB74e6.jpg]
[D:/Мои Web Сайты/магистраль/lishenieprav.su/__scale/uploads/s/2/i/u/2iu9osali7qb/img/full_Rr58HlMB1f17.jpg]
[D:/Мои Web Сайты/магистраль/lishenieprav.su/index_2_2_2_2_2_2.html]
[D:/Мои Web Сайты/магистраль/lishenieprav.su/faviconbf15.ico]
[D:/Мои Web Сайты/магистраль/lishenieprav.su/index_2_2_2_2_2_2_2.html]
[D:/Мои Web Сайты/магистраль/lishenieprav.su/__scale/uploads/s/2/i/u/2iu9osali7qb/img/autocrop/0a041fa05f6451102b7ac9bd5711047a0e78.jpg]
[D:/Мои Web Сайты/магистраль/lishenieprav.su/js/ulib/calcHeaderHeight.js]
[D:/Мои Web Сайты/магистраль/lishenieprav.su/dist-version/js/pub.v1.bundle3d01.js]
[D:/Мои Web Сайты/магистраль/lishenieprav.su/widgets/mainmenu/js/fontobserver.js]
[D:/Мои Web Сайты/магистраль/lishenieprav.su/sitecss/typography9a13.css]
[D:/Мои Web Сайты/магистраль/lishenieprav.su/dist-version/css/pub.v13d01.css]
[D:/Мои Web Сайты/магистраль/lishenieprav.su/css/require/scroll-animation.css]
